// Jest Snapshot v1, https://goo.gl/fbAQLP

exports[`Direction test 1`] = `
<i
  className="material-icons"
  style={
    Object {
      "transform": "rotate(173deg)",
    }
  }
>
  navigation
</i>
`;

exports[`Pre population test 1`] = `<div />`;

exports[`Proximity test 1`] = `
<i
  className="material-icons"
>
  star
</i>
`;
